[    1078ms] [LOG] [impeccable] Live variant mode ready. Hover over elements to pick one. @ http://localhost:8400/live.js?token=13b018b5-2844-462a-ae1f-761f0b099782:12770
[    1204ms] [LOG] [impeccable] Live mode connected. @ http://localhost:8400/live.js?token=13b018b5-2844-462a-ae1f-761f0b099782:7208
[  144822ms] [WARNING] GSAP target .hero__mark not found. https://gsap.com @ http://localhost:8777/js/gsap.min.js:9
[  144822ms] [WARNING] GSAP target  not found. https://gsap.com @ http://localhost:8777/js/gsap.min.js:9
[  144822ms] [WARNING] GSAP target .hero__title not found. https://gsap.com @ http://localhost:8777/js/gsap.min.js:9
[  144823ms] [WARNING] GSAP target  not found. https://gsap.com @ http://localhost:8777/js/gsap.min.js:9
[  144823ms] [WARNING] GSAP target .hero__lead not found. https://gsap.com @ http://localhost:8777/js/gsap.min.js:9
[  144823ms] [WARNING] GSAP target  not found. https://gsap.com @ http://localhost:8777/js/gsap.min.js:9
[  144823ms] [WARNING] GSAP target .hero__cta not found. https://gsap.com @ http://localhost:8777/js/gsap.min.js:9
[  144823ms] [WARNING] GSAP target  not found. https://gsap.com @ http://localhost:8777/js/gsap.min.js:9
[  144932ms] [LOG] [impeccable] Live variant mode ready. Hover over elements to pick one. @ http://localhost:8400/live.js?token=13b018b5-2844-462a-ae1f-761f0b099782:12770
[  144956ms] [LOG] [impeccable] Live mode connected. @ http://localhost:8400/live.js?token=13b018b5-2844-462a-ae1f-761f0b099782:7208
[  146743ms] [WARNING] GSAP target .hero__mark,.hero__title,.hero__lead,.hero__cta not found. https://gsap.com @ http://localhost:8777/js/gsap.min.js:9
[  153754ms] [WARNING] GSAP target .hero__mark not found. https://gsap.com @ http://localhost:8777/js/gsap.min.js:9
[  153754ms] [WARNING] GSAP target  not found. https://gsap.com @ http://localhost:8777/js/gsap.min.js:9
[  153756ms] [WARNING] GSAP target .hero__title not found. https://gsap.com @ http://localhost:8777/js/gsap.min.js:9
[  153756ms] [WARNING] GSAP target  not found. https://gsap.com @ http://localhost:8777/js/gsap.min.js:9
[  153756ms] [WARNING] GSAP target .hero__lead not found. https://gsap.com @ http://localhost:8777/js/gsap.min.js:9
[  153756ms] [WARNING] GSAP target  not found. https://gsap.com @ http://localhost:8777/js/gsap.min.js:9
[  153756ms] [WARNING] GSAP target .hero__cta not found. https://gsap.com @ http://localhost:8777/js/gsap.min.js:9
[  153756ms] [WARNING] GSAP target  not found. https://gsap.com @ http://localhost:8777/js/gsap.min.js:9
[  153778ms] [LOG] [impeccable] Live variant mode ready. Hover over elements to pick one. @ http://localhost:8400/live.js?token=13b018b5-2844-462a-ae1f-761f0b099782:12770
[  153844ms] [LOG] [impeccable] Live mode connected. @ http://localhost:8400/live.js?token=13b018b5-2844-462a-ae1f-761f0b099782:7208
[  155659ms] [WARNING] GSAP target .hero__mark,.hero__title,.hero__lead,.hero__cta not found. https://gsap.com @ http://localhost:8777/js/gsap.min.js:9
